
> Task :compileJava
./gradlew : E:\workspace\ccg4j\src\main\java\org\example\card\data\DataDrivenCard.java:46: 错误: DataFollowCard不是抽象的, 并且未覆盖Card中的抽象方法getSubMark()
所在位置 行:1 字符: 1
+ ./gradlew compileJava --console=plain 2>&1 | Out-File -FilePath compi ...
+ ~~~~~~~~~~~~~~~~~~~~~~~~~~~~~~~~~~~~~~~~~~
    + CategoryInfo          : NotSpecified: (E:\workspace\cc...象方法getSubMark():String) [], RemoteException
    + FullyQualifiedErrorId : NativeCommandError
 
    public static class DataFollowCard extends FollowCard {
                  ^
E:\workspace\ccg4j\src\main\java\org\example\card\data\DataDrivenCard.java:62: 错误: 找不到符号
            setJob(data.getJob());
            ^
  符号:   方法 setJob(String)
  位置: 类 DataFollowCard
E:\workspace\ccg4j\src\main\java\org\example\card\data\DataDrivenCard.java:64: 错误: 找不到符号
            setMark(data.getDescription());
            ^
  符号:   方法 setMark(String)
  位置: 类 DataFollowCard
E:\workspace\ccg4j\src\main\java\org\example\card\data\DataDrivenCard.java:74: 错误: 找不到符号
                    addEffect(parseEffectTiming(effectData.getTiming()), effect);
                    ^
  符号:   方法 addEffect(EffectTiming,Effect)
  位置: 类 DataFollowCard
E:\workspace\ccg4j\src\main\java\org\example\card\data\DataDrivenCard.java:88: 错误: DataSpellCard不是抽象的, 并且未覆盖Card中的抽象方法getSubMark()
    public static class DataSpellCard extends SpellCard {
                  ^
E:\workspace\ccg4j\src\main\java\org\example\card\data\DataDrivenCard.java:101: 错误: 找不到符号
            setJob(data.getJob());
            ^
  符号:   方法 setJob(String)
  位置: 类 DataSpellCard
E:\workspace\ccg4j\src\main\java\org\example\card\data\DataDrivenCard.java:103: 错误: 找不到符号
            setMark(data.getDescription());
            ^
  符号:   方法 setMark(String)
  位置: 类 DataSpellCard
E:\workspace\ccg4j\src\main\java\org\example\card\data\DataDrivenCard.java:112: 错误: 找不到符号
                    addEffect(parseEffectTiming(effectData.getTiming()), effect);
                    ^
  符号:   方法 addEffect(EffectTiming,Effect)
  位置: 类 DataSpellCard
E:\workspace\ccg4j\src\main\java\org\example\card\data\DataDrivenCard.java:126: 错误: DataAmuletCard不是抽象的, 并且未覆盖Card中的抽象方法getSubMark()
    public static class DataAmuletCard extends AmuletCard {
                  ^
E:\workspace\ccg4j\src\main\java\org\example\card\data\DataDrivenCard.java:140: 错误: 找不到符号
            setJob(data.getJob());
            ^
  符号:   方法 setJob(String)
  位置: 类 DataAmuletCard
E:\workspace\ccg4j\src\main\java\org\example\card\data\DataDrivenCard.java:142: 错误: 找不到符号
            setMark(data.getDescription());
            ^
  符号:   方法 setMark(String)
  位置: 类 DataAmuletCard
E:\workspace\ccg4j\src\main\java\org\example\card\data\DataDrivenCard.java:151: 错误: 找不到符号
                    addEffect(parseEffectTiming(effectData.getTiming()), effect);
                    ^
  符号:   方法 addEffect(EffectTiming,Effect)
  位置: 类 DataAmuletCard
E:\workspace\ccg4j\src\main\java\org\example\card\data\DataDrivenCard.java:165: 错误: DataEquipmentCard不是抽象的, 并且未覆盖Card中的抽象方法getSubMark()
    public static class DataEquipmentCard extends EquipmentCard {
                  ^
E:\workspace\ccg4j\src\main\java\org\example\card\data\DataDrivenCard.java:180: 错误: 找不到符号
            setJob(data.getJob());
            ^
  符号:   方法 setJob(String)
  位置: 类 DataEquipmentCard
E:\workspace\ccg4j\src\main\java\org\example\card\data\DataDrivenCard.java:182: 错误: 找不到符号
            setMark(data.getDescription());
            ^
  符号:   方法 setMark(String)
  位置: 类 DataEquipmentCard
E:\workspace\ccg4j\src\main\java\org\example\card\data\DataDrivenCard.java:191: 错误: 找不到符号
                    addEffect(parseEffectTiming(effectData.getTiming()), effect);
                    ^
  符号:   方法 addEffect(EffectTiming,Effect)
  位置: 类 DataEquipmentCard
E:\workspace\ccg4j\src\main\java\org\example\card\data\DataDrivenCard.java:209: 错误: 找不到符号
            return EffectTiming.ON_PLAY;
                               ^
  符号:   变量 ON_PLAY
  位置: 类 EffectTiming
E:\workspace\ccg4j\src\main\java\org\example\card\data\EffectBuilder.java:63: 错误: 找不到符号
        return Effect.simple(e -> {
                     ^
  符号:   方法 simple((e)->{ for[...]; } })
  位置: 类 Effect
E:\workspace\ccg4j\src\main\java\org\example\card\data\EffectBuilder.java:77: 错误: 找不到符号
        return Effect.simple(e -> {
                     ^
  符号:   方法 simple((e)->{ Gam[...]; } })
  位置: 类 Effect
E:\workspace\ccg4j\src\main\java\org\example\card\data\EffectBuilder.java:92: 错误: 找不到符号
        return Effect.simple(e -> {
                     ^
  符号:   方法 simple((e)->{ Gam[...]; } })
  位置: 类 Effect
E:\workspace\ccg4j\src\main\java\org\example\card\data\EffectBuilder.java:108: 错误: 找不到符号
        return Effect.simple(e -> {
                     ^
  符号:   方法 simple((e)->{ Gam[...]; } })
  位置: 类 Effect
E:\workspace\ccg4j\src\main\java\org\example\card\data\EffectBuilder.java:112: 错误: 找不到符号
                follow.buffAtkHp(buffAtk, buffHp);
                      ^
  符号:   方法 buffAtkHp(int,int)
  位置: 类型为FollowCard的变量 follow
E:\workspace\ccg4j\src\main\java\org\example\card\data\EffectBuilder.java:123: 错误: 找不到符号
        return Effect.simple(e -> {
                     ^
  符号:   方法 simple((e)->{ Car[...]; } })
  位置: 类 Effect
E:\workspace\ccg4j\src\main\java\org\example\card\data\EffectBuilder.java:138: 错误: 找不到符号
        return Effect.simple(e -> {
                     ^
  符号:   方法 simple((e)->{ Gam[...]} } })
  位置: 类 Effect
E:\workspace\ccg4j\src\main\java\org\example\card\data\EffectBuilder.java:155: 错误: 找不到符号
        return Effect.simple(e -> {
                     ^
  符号:   方法 simple((e)->{ e.g[...]e); })
  位置: 类 Effect
E:\workspace\ccg4j\src\main\java\org\example\card\data\EffectBuilder.java:169: 错误: 找不到符号
                return e.getSource();
                        ^
  符号:   方法 getSource()
  位置: 类型为EffectInstance的变量 e
E:\workspace\ccg4j\src\main\java\org\example\card\data\EffectBuilder.java:171: 错误: 找不到符号
                return e.getEnemy().getLeader();
                        ^
  符号:   方法 getEnemy()
  位置: 类型为EffectInstance的变量 e
E:\workspace\ccg4j\src\main\java\org\example\card\data\EffectBuilder.java:173: 错误: 找不到符号
                return e.getMe().getLeader();
                        ^
  符号:   方法 getMe()
  位置: 类型为EffectInstance的变量 e
E:\workspace\ccg4j\src\main\java\org\example\card\data\ScriptEffectLoader.java:65: 错误: 找不到符号
        return Effect.simple(e -> {
                     ^
  符号:   方法 simple((e)->{ boo[...]; } })
  位置: 类 Effect
E:\workspace\ccg4j\src\main\java\org\example\card\data\ScriptEffectLoader.java:78: 错误: 找不到符号
        return Effect.simple(e -> {
                     ^
  符号:   方法 simple((e)->{ Car[...]y); })
  位置: 类 Effect
E:\workspace\ccg4j\src\main\java\org\example\card\data\ScriptEffectLoader.java:91: 错误: 找不到符号
        return Effect.simple(e -> {
                     ^
  符号:   方法 simple((e)->{ e.g[...]}); })
  位置: 类 Effect
E:\workspace\ccg4j\src\main\java\org\example\card\data\ScriptEffectLoader.java:94: 错误: 找不到符号
                    ((org.example.card.FollowCard) c).buffAtkHp(buffAtk, buffHp);
                                                     ^
  符号:   方法 buffAtkHp(int,int)
  位置: 类 FollowCard
注: E:\workspace\ccg4j\src\main\java\org\example\system\util\Maps.java使用或覆盖了已过时的 API。
注: 有关详细信息, 请使用 -Xlint:deprecation 重新编译。
注: 某些输入文件使用了未经检查或不安全的操作。
注: 有关详细信息, 请使用 -Xlint:unchecked 重新编译。
32 个错误

> Task :compileJava FAILED

FAILURE: Build failed with an exception.

* What went wrong:
Execution failed for task ':compileJava'.
> Compilation failed; see the compiler error output for details.

* Try:
> Run with --stacktrace option to get the stack trace.
> Run with --info or --debug option to get more log output.
> Run with --scan to get full insights.

* Get more help at https://help.gradle.org

BUILD FAILED in 5s
1 actionable task: 1 executed
